           <...>-440   (-----) [002] d..2 14596.746916: sched_switch: prev_comm=mmc-cmdqd/0 prev_pid=440 prev_prio=98 prev_state=D ==> next_comm=swapper/2 next_pid=0 next_prio=120

           <...>-656   (-----) [007] .... 14594.343145: binder_set_priority: proc=625 thread=656 old=110 => new=120 desired=120
           <...>-14607 (-----) [006] d..2 14594.343164: sched_switch: prev_comm=.android.dialer prev_pid=14607 prev_prio=110 prev_state=S ==> next_comm=swapper/6 next_pid=0 next_prio=120
           <...>-5281  (-----) [002] d..2 14594.343177: sched_switch: prev_comm=writer prev_pid=5281 prev_prio=96 prev_state=S ==> next_comm=RenderThread next_pid=2738 next_prio=110
 irq/144-1436400-2522  ( 2522) [004] d..2 14594.343223: sched_switch: prev_comm=irq/144-1436400 prev_pid=2522 prev_prio=49 prev_state=D ==> next_comm=sound trigger c next_pid=1233 next_prio=120
           <...>-88    (-----) [006] d..2 14594.343240: sched_switch: prev_comm=smem_native_lpa prev_pid=88 prev_prio=98 prev_state=S ==> next_comm=swapper/6 next_pid=0 next_prio=120
           <...>-1238  (-----) [001] d..2 14594.343243: sched_switch: prev_comm=FastMixer prev_pid=1238 prev_prio=96 prev_state=S ==> next_comm=swapper/1 next_pid=0 next_prio=120
           <...>-2738  (-----) [002] ...1 14594.343244: tracing_mark_write: B|2007|syncFrameState
           <...>-2738  (-----) [002] ...1 14594.343293: tracing_mark_write: B|2007|prepareTree
           <...>-1695  (-----) [001] d..2 14594.343318: sched_switch: prev_comm=InputDispatcher prev_pid=1695 prev_prio=112 prev_state=R+ ==> next_comm=FastMixer next_pid=1238 next_prio=96
           <...>-5281  (-----) [005] d..2 14594.343322: sched_switch: prev_comm=writer prev_pid=5281 prev_prio=96 prev_state=S ==> next_comm=Binder:1368_14 next_pid=3253 next_prio=110
           <...>-1238  (-----) [001] d..2 14594.343442: sched_switch: prev_comm=FastMixer prev_pid=1238 prev_prio=96 prev_state=S ==> next_comm=InputDispatcher next_pid=1695 next_prio=112
           <...>-1695  (-----) [001] d..2 14594.343467: sched_switch: prev_comm=InputDispatcher prev_pid=1695 prev_prio=112 prev_state=S ==> next_comm=swapper/1 next_pid=0 next_prio=120
           <...>-5281  (-----) [000] d..2 14594.343484: sched_switch: prev_comm=writer prev_pid=5281 prev_prio=96 prev_state=S ==> next_comm=swapper/0 next_pid=0 next_prio=120
           <...>-625   (-----) [003] ...1 14594.343519: tracing_mark_write: B|625|calculateWorkingSet
           <...>-2738  (-----) [002] ...1 14594.343568: tracing_mark_write: B|2007|query
           <...>-2738  (-----) [002] ...1 14594.343577: tracing_mark_write: B|2007|query
           <...>-2738  (-----) [002] ...1 14594.343586: tracing_mark_write: B|2007|query
           <...>-2738  (-----) [002] ...1 14594.343591: tracing_mark_write: B|2007|query
           <...>-2738  (-----) [002] ...1 14594.343597: tracing_mark_write: B|2007|query
           <...>-2738  (-----) [002] ...1 14594.343602: tracing_mark_write: B|2007|query
           <...>-2738  (-----) [002] ...1 14594.343609: tracing_mark_write: B|2007|dequeueBuffer
           <...>-2007  (-----) [006] d..2 14594.343612: sched_switch: prev_comm=s.nexuslauncher prev_pid=2007 prev_prio=110 prev_state=S ==> next_comm=swapper/6 next_pid=0 next_prio=120
           <...>-2738  (-----) [002] ...2 14594.343633: binder_set_priority: proc=625 thread=656 old=120 => new=110 desired=110
           <...>-2738  (-----) [002] d..2 14594.343683: sched_switch: prev_comm=RenderThread prev_pid=2738 prev_prio=110 prev_state=R+ ==> next_comm=Binder:625_1 next_pid=656 next_prio=110
           <...>-625   (-----) [003] ...1 14594.343704: tracing_mark_write: B|625|prepare
           <...>-656   (-----) [002] ...1 14594.343707: tracing_mark_write: B|625|dequeueBuffer
           <...>-625   (-----) [004] ...1 14594.812869: tracing_mark_write: B|625|com.google.android.dialer/com.google.android.dialer.extensions.GoogleDialtactsActivity#0: 2
           <...>-2048  (-----) [000] d..2 14594.812895: sched_switch: prev_comm=RenderThread prev_pid=2048 prev_prio=120 prev_state=R+ ==> next_comm=Binder:625_3 next_pid=1431 next_prio=120
           <...>-1431  (-----) [000] ...1 14594.812911: tracing_mark_write: B|625|query
           <...>-625   (-----) [004] ...1 14594.812914: tracing_mark_write: B|625|latchBuffer
           <...>-625   (-----) [004] ...1 14594.812919: tracing_mark_write: B|625|query
           <...>-625   (-----) [004] ...1 14594.812925: tracing_mark_write: B|625|updateTexImage
           <...>-625   (-----) [004] ...1 14594.812928: tracing_mark_write: B|625|acquireBuffer
           <...>-625   (-----) [004] ...1 14594.812934: tracing_mark_write: B|625|StatusBar#0: 1
           <...>-2048  (-----) [000] ...1 14594.812962: tracing_mark_write: B|1803|syncFrameState
           <...>-656   (-----) [002] ...1 14594.813044: tracing_mark_write: B|625|setTransactionState
           <...>-14607 (-----) [007] ...2 14594.813083: binder_set_priority: proc=10691 thread=18733 old=120 => new=110 desired=110
           <...>-14607 (-----) [007] d..2 14594.813114: sched_switch: prev_comm=.android.dialer prev_pid=14607 prev_prio=110 prev_state=S ==> next_comm=kworker/7:1 next_pid=7092 next_prio=120
           <...>-14655 (-----) [006] d..2 14594.813128: sched_switch: prev_comm=DialerExecutors prev_pid=14655 prev_prio=130 prev_state=R ==> next_comm=lpass_smem_glin next_pid=89 next_prio=98
           <...>-89    (-----) [006] d..2 14594.813163: sched_switch: prev_comm=lpass_smem_glin prev_pid=89 prev_prio=98 prev_state=S ==> next_comm=DialerExecutors next_pid=14655 next_prio=130
           <...>-656   (-----) [002] ...1 14594.813218: tracing_mark_write: B|625|requestNextVsync
           <...>-656   (-----) [002] ...1 14594.813222: tracing_mark_write: B|625|resetIdleTimer
     kworker/7:1-7092  ( 7092) [007] d..2 14594.813239: sched_switch: prev_comm=kworker/7:1 prev_pid=7092 prev_prio=120 prev_state=R+ ==> next_comm=smem_native_lpa next_pid=88 next_prio=98
           <...>-5281  (-----) [001] d..2 14594.813245: sched_switch: prev_comm=writer prev_pid=5281 prev_prio=96 prev_state=S ==> next_comm=Binder:10691_B next_pid=18733 next_prio=110
           <...>-88    (-----) [007] d..2 14594.813248: sched_switch: prev_comm=smem_native_lpa prev_pid=88 prev_prio=98 prev_state=R ==> next_comm=kgsl_worker_thr next_pid=259 next_prio=97
           <...>-2048  (-----) [000] d..2 14594.813249: sched_switch: prev_comm=RenderThread prev_pid=2048 prev_prio=120 prev_state=R+ ==> next_comm=FastMixer next_pid=1238 next_prio=96
           <...>-14655 (-----) [006] d..2 14594.813263: sched_switch: prev_comm=DialerExecutors prev_pid=14655 prev_prio=130 prev_state=R+ ==> next_comm=smem_native_lpa next_pid=88 next_prio=98
           <...>-661   (-----) [002] d..2 14594.813265: sched_switch: prev_comm=sf prev_pid=661 prev_prio=97 prev_state=S ==> next_comm=Binder:625_1 next_pid=656 next_prio=116
           <...>-259   (-----) [007] d..2 14594.813265: sched_switch: prev_comm=kgsl_worker_thr prev_pid=259 prev_prio=97 prev_state=S ==> next_comm=kworker/7:1 next_pid=7092 next_prio=120
     kworker/7:1-7092  ( 7092) [007] d..2 14594.813271: sched_switch: prev_comm=kworker/7:1 prev_pid=7092 prev_prio=120 prev_state=S ==> next_comm=system next_pid=108 next_prio=120
           <...>-108   (-----) [007] .... 14594.813275: ion_heap_shrink: heap_name=system, len=9469952, total_allocated=189620224
           <...>-88    (-----) [006] d..2 14594.813294: sched_switch: prev_comm=smem_native_lpa prev_pid=88 prev_prio=98 prev_state=S ==> next_comm=DialerExecutors next_pid=14655 next_prio=130
           <...>-625   (-----) [004] ...1 14594.813310: tracing_mark_write: B|625|updateInputFlinger
           <...>-1238  (-----) [000] d..2 14594.813312: sched_switch: prev_comm=FastMixer prev_pid=1238 prev_prio=96 prev_state=S ==> next_comm=RenderThread next_pid=2048 next_prio=120
           <...>-661   (-----) [002] d..2 14594.813317: sched_switch: prev_comm=sf prev_pid=661 prev_prio=97 prev_state=S ==> next_comm=Binder:625_1 next_pid=656 next_prio=116
           <...>-14640 (-----) [005] d..2 14594.813319: sched_switch: prev_comm=DialerExecutors prev_pid=14640 prev_prio=130 prev_state=R ==> next_comm=DispSync next_pid=658 next_prio=97
           <...>-656   (-----) [002] ...1 14594.813336: tracing_mark_write: B|625|~GraphicBuffer
           <...>-658   (-----) [005] d..2 14594.813345: sched_switch: prev_comm=DispSync prev_pid=658 prev_prio=97 prev_state=S ==> next_comm=DialerExecutors next_pid=14640 next_prio=130
           <...>-656   (-----) [002] ...1 14594.813345: tracing_mark_write: B|625|~GraphicBuffer
           <...>-656   (-----) [002] ...1 14594.813353: tracing_mark_write: B|625|~GraphicBuffer
           <...>-2048  (-----) [000] d..2 14594.813358: sched_switch: prev_comm=RenderThread prev_pid=2048 prev_prio=120 prev_state=R+ ==> next_comm=FastMixer next_pid=1238 next_prio=96
           <...>-656   (-----) [002] ...1 14594.813364: tracing_mark_write: B|625|~GraphicBuffer
           <...>-5281  (-----) [001] d..2 14594.813369: sched_switch: prev_comm=writer prev_pid=5281 prev_prio=96 prev_state=S ==> next_comm=Binder:10691_B next_pid=18733 next_prio=110
           <...>-656   (-----) [002] ...1 14594.813372: tracing_mark_write: B|625|~GraphicBuffer
           <...>-656   (-----) [002] ...1 14594.813380: tracing_mark_write: B|625|~GraphicBuffer
           <...>-656   (-----) [002] ...1 14594.813391: tracing_mark_write: B|625|~GraphicBuffer
           <...>-656   (-----) [002] ...1 14594.813398: tracing_mark_write: B|625|~GraphicBuffer
           <...>-656   (-----) [002] ...1 14594.813408: tracing_mark_write: B|625|~GraphicBuffer
           <...>-656   (-----) [002] ...1 14594.813416: tracing_mark_write: B|625|~GraphicBuffer
           <...>-656   (-----) [002] ...1 14594.813424: tracing_mark_write: B|625|~GraphicBuffer
           <...>-656   (-----) [002] ...1 14594.813432: tracing_mark_write: B|625|~GraphicBuffer
           <...>-656   (-----) [002] .n.1 14594.813443: tracing_mark_write: B|625|~GraphicBuffer
           <...>-1238  (-----) [000] d..2 14594.813464: sched_switch: prev_comm=FastMixer prev_pid=1238 prev_prio=96 prev_state=S ==> next_comm=RenderThread next_pid=2048 next_prio=120
           <...>-5281  (-----) [002] d..2 14594.813525: sched_switch: prev_comm=writer prev_pid=5281 prev_prio=96 prev_state=S ==> next_comm=Binder:625_1 next_pid=656 next_prio=116
           <...>-656   (-----) [002] ...1 14594.813544: tracing_mark_write: B|625|~GraphicBuffer
           <...>-656   (-----) [002] ...1 14594.813557: tracing_mark_write: B|625|~GraphicBuffer
           <...>-2048  (-----) [000] d..2 14594.813594: sched_switch: prev_comm=RenderThread prev_pid=2048 prev_prio=120 prev_state=R+ ==> next_comm=Binder:1368_15 next_pid=3359 next_prio=120
           <...>-18733 (-----) [001] ...2 14594.813635: binder_set_priority: proc=1368 thread=3514 old=120 => new=110 desired=110
           <...>-656   (-----) [002] .... 14594.813637: binder_set_priority: proc=625 thread=656 old=116 => new=120 desired=120
           <...>-108   (-----) [007] d..2 14594.813646: sched_switch: prev_comm=system prev_pid=108 prev_prio=120 prev_state=R+ ==> next_comm=android.anim next_pid=1398 next_prio=116
           <...>-625   (-----) [004] ...1 14594.813646: tracing_mark_write: B|625|onMessageReceived
           <...>-625   (-----) [004] ...1 14594.813649: tracing_mark_write: B|625|handleMessageRefresh
           <...>-625   (-----) [004] ...1 14594.813651: tracing_mark_write: B|625|preComposition
           <...>-625   (-----) [004] ...1 14594.813693: tracing_mark_write: B|625|rebuildLayerStacks
           <...>-625   (-----) [004] ...1 14594.813696: tracing_mark_write: B|625|rebuildLayerStacks VR Dirty
           <...>-625   (-----) [004] ...1 14594.813701: tracing_mark_write: B|625|computeVisibleRegions
           <...>-1398  (-----) [007] d..2 14594.813718: sched_switch: prev_comm=android.anim prev_pid=1398 prev_prio=116 prev_state=S ==> next_comm=system next_pid=108 next_prio=120
           <...>-108   (-----) [007] d..2 14594.813739: sched_switch: prev_comm=system prev_pid=108 prev_prio=120 prev_state=R+ ==> next_comm=android.anim next_pid=1398 next_prio=116
           <...>-1695  (-----) [002] d..2 14594.813970: sched_switch: prev_comm=InputDispatcher prev_pid=1695 prev_prio=112 prev_state=S ==> next_comm=system next_pid=108 next_prio=120
           <...>-1398  (-----) [007] ...1 14594.814029: tracing_mark_write: B|1368|wmLayout
           <...>-1398  (-----) [007] ...1 14594.814033: tracing_mark_write: B|1368|performSurfacePlacement
           <...>-1398  (-----) [007] ...1 14594.814040: tracing_mark_write: B|1368|applySurfaceChanges
           <...>-1398  (-----) [007] ...1 14594.814043: tracing_mark_write: B|1368|openSurfaceTransaction
           <...>-1398  (-----) [007] ...1 14594.814063: tracing_mark_write: B|1368|performLayout
           <...>-625   (-----) [004] ...1 14594.814119: tracing_mark_write: B|625|calculateWorkingSet
           <...>-1398  (-----) [007] ...1 14594.814241: tracing_mark_write: B|1368|layoutInputConsumer
           <...>-2048  (-----) [000] ...1 14594.814260: tracing_mark_write: B|1803|prepareTree
           <...>-1398  (-----) [007] ...1 14594.814263: tracing_mark_write: B|1368|applyPostLayoutPolicy
           <...>-2048  (-----) [000] d..2 14594.814408: sched_switch: prev_comm=RenderThread prev_pid=2048 prev_prio=120 prev_state=R ==> next_comm=Binder:1368_15 next_pid=3359 next_prio=120
           <...>-625   (-----) [004] ...1 14594.814411: tracing_mark_write: B|625|prepare
           <...>-625   (-----) [004] ...1 14594.814428: tracing_mark_write: B|625|HIDL::IComposerClient::executeCommands_2_2::client
           <...>-2048  (-----) [000] d..2 14594.814533: sched_switch: prev_comm=RenderThread prev_pid=2048 prev_prio=120 prev_state=R+ ==> next_comm=ndroid.systemui next_pid=1803 next_prio=120
           <...>-1803  (-----) [000] d..2 14594.814558: sched_switch: prev_comm=ndroid.systemui prev_pid=1803 prev_prio=120 prev_state=S ==> next_comm=RenderThread next_pid=2048 next_prio=120
           <...>-2048  (-----) [000] d..2 14594.814572: sched_switch: prev_comm=RenderThread prev_pid=2048 prev_prio=120 prev_state=R+ ==> next_comm=ndroid.systemui next_pid=1803 next_prio=120
           <...>-625   (-----) [004] ...2 14594.814589: binder_set_priority: proc=627 thread=627 old=97 => new=98 desired=98
           <...>-108   (-----) [002] d..2 14594.814650: sched_switch: prev_comm=system prev_pid=108 prev_prio=120 prev_state=R+ ==> next_comm=composer@2.2-se next_pid=627 next_prio=98
           <...>-625   (-----) [004] d..2 14594.814664: sched_switch: prev_comm=surfaceflinger prev_pid=625 prev_prio=98 prev_state=S ==> next_comm=ashmemd next_pid=854 next_prio=129
           <...>-1398  (-----) [007] ...1 14594.814723: tracing_mark_write: B|1368|applyWindowSurfaceChanges
           <...>-854   (-----) [004] .... 14594.814746: binder_set_priority: proc=854 thread=854 old=129 => new=120 desired=120
           <...>-854   (-----) [004] d..2 14594.814757: sched_switch: prev_comm=ashmemd prev_pid=854 prev_prio=120 prev_state=R+ ==> next_comm=highpool[0] next_pid=3493 next_prio=129
           <...>-1803  (-----) [000] d..2 14594.814763: sched_switch: prev_comm=ndroid.systemui prev_pid=1803 prev_prio=120 prev_state=S ==> next_comm=RenderThread next_pid=2048 next_prio=120
           <...>-18733 (-----) [001] d..1 14594.814819: mm_filemap_delete_from_page_cache: dev 0:1 ino 3ce5e7 page=0000000083f10c7a pfn=1298474 ofs=0
           <...>-2048  (-----) [000] ...1 14594.814842: tracing_mark_write: B|1803|dequeueBuffer
           <...>-1398  (-----) [007] ...1 14594.814850: tracing_mark_write: F|1368|launching: com.google.android.dialer|0
           <...>-1398  (-----) [007] ...1 14594.814855: tracing_mark_write: B|1368|MetricsLogger:launchObserverNotifyActivityLaunchFinished
           <...>-1398  (-----) [007] ...1 14594.814857: tracing_mark_write: B|1368|MetricsLogger:convertActivityRecordToProto
           <...>-2048  (-----) [000] d..2 14594.814905: sched_switch: prev_comm=RenderThread prev_pid=2048 prev_prio=120 prev_state=R+ ==> next_comm=Binder:625_1 next_pid=656 next_prio=120
           <...>-1410  (-----) [006] .... 14592.997816: mm_filemap_add_to_page_cache: dev 253:6 ino b785 page=00000000615a8f24 pfn=1134764 ofs=0
           <...>-1410  (-----) [006] .... 14592.997831: mm_filemap_add_to_page_cache: dev 253:6 ino b785 page=000000008768a58f pfn=1134751 ofs=4096

           <...>-18733 (-----) [001] .... 14594.814914: binder_set_priority: proc=10691 thread=18733 old=110 => new=120 desired=120
           <...>-14655 (-----) [006] d..2 14594.814932: sched_switch: prev_comm=DialerExecutors prev_pid=14655 prev_prio=130 prev_state=R ==> next_comm=.android.dialer next_pid=14607 next_prio=110
           <...>-656   (-----) [000] ...1 14594.814948: tracing_mark_write: B|625|dequeueBuffer
           <...>-3514  (-----) [001] .... 14594.814954: binder_set_priority: proc=1368 thread=3514 old=110 => new=120 desired=120
           <...>-656   (-----) [000] ...1 14594.814963: tracing_mark_write: B|625|NavigationBar0#0: 2
           <...>-14607 (-----) [006] ...2 14594.815022: binder_set_priority: proc=1368 thread=3514 old=120 => new=110 desired=110
           <...>-1398  (-----) [007] ...1 14594.815039: tracing_mark_write: B|1368|prepareSurfaces
           <...>-14607 (-----) [006] d..2 14594.815041: sched_switch: prev_comm=.android.dialer prev_pid=14607 prev_prio=110 prev_state=S ==> next_comm=DialerExecutors next_pid=14655 next_prio=130
           <...>-3493  (-----) [004] d..2 14594.815057: sched_switch: prev_comm=highpool[0] prev_pid=3493 prev_prio=129 prev_state=R ==> next_comm=Binder:1368_18 next_pid=3514 next_prio=110
           <...>-2048  (-----) [000] ...1 14594.815088: tracing_mark_write: B|1803|HWC release fence 45750 has signaled
           <...>-2048  (-----) [000] ...1 14594.815119: tracing_mark_write: B|1803|eglBeginFrame
           <...>-14655 (-----) [006] d..2 14594.815190: sched_switch: prev_comm=DialerExecutors prev_pid=14655 prev_prio=130 prev_state=R ==> next_comm=crtc_commit:97 next_pid=301 next_prio=83
           <...>-3514  (-----) [004] .... 14594.815193: binder_set_priority: proc=1368 thread=3514 old=110 => new=120 desired=120
           <...>-1398  (-----) [007] ...1 14594.815322: tracing_mark_write: B|1368|closeSurfaceTransaction
           <...>-3493  (-----) [004] .... 14594.815353: mm_filemap_add_to_page_cache: dev 253:6 ino 113b page=0000000069e2b98a pfn=628464 ofs=2723840
           <...>-1398  (-----) [007] ...2 14594.815393: binder_set_priority: proc=625 thread=656 old=120 => new=116 desired=116
       rcu_sched-8     (    8) [007] d..2 14594.815449: sched_switch: prev_comm=rcu_sched prev_pid=8 prev_prio=120 prev_state=S ==> next_comm=Binder:625_1 next_pid=656 next_prio=116
